README.rdoc
barduino-tender.rb
examples
test.log
